// Jest Snapshot v1, https://goo.gl/fbAQLP

exports[`Header:  should render as expected 1`] = `
<Navbar
  className=""
  color={null}
  fixed={null}
  renderAs="nav"
  style={Object {}}
  transparent={false}
>
  <Container
    breakpoint={null}
    className=""
    fluid={false}
    renderAs="div"
    style={Object {}}
  >
    <Navbar.Brand
      active={false}
      className=""
      style={Object {}}
      toggleMenu={[Function]}
    >
      <Navbar.Item
        active={false}
        className=""
        dropdown={false}
        dropdownUp={false}
        hoverable={false}
        renderAs="a"
        style={Object {}}
      >
        ...
      </Navbar.Item>
      <Navbar.Burger
        active={false}
        className=""
        onClick={[Function]}
        style={Object {}}
        toggleMenu={[Function]}
      />
    </Navbar.Brand>
    <Navbar.Menu
      active={false}
      className=""
      style={Object {}}
    >
      <Navbar.Container
        className=""
        position="start"
        renderAs="div"
        style={Object {}}
      >
        <Navbar.Item
          active={false}
          className=""
          dropdown={false}
          dropdownUp={false}
          hoverable={false}
          renderAs="a"
          style={Object {}}
        >
          Home
        </Navbar.Item>
        <Navbar.Item
          active={false}
          className=""
          dropdown={false}
          dropdownUp={false}
          hoverable={false}
          renderAs="a"
          style={Object {}}
        >
          About Me
        </Navbar.Item>
        <Navbar.Item
          active={false}
          className=""
          dropdown={false}
          dropdownUp={false}
          hoverable={false}
          renderAs="a"
          style={Object {}}
        >
          LinkedIn
        </Navbar.Item>
        <Navbar.Item
          active={false}
          className=""
          dropdown={false}
          dropdownUp={false}
          hoverable={false}
          renderAs="a"
          style={Object {}}
        >
          Github
        </Navbar.Item>
        <Navbar.Item
          active={false}
          className=""
          dropdown={false}
          dropdownUp={false}
          hoverable={false}
          renderAs="a"
          style={Object {}}
        >
          Contact Me
        </Navbar.Item>
      </Navbar.Container>
    </Navbar.Menu>
  </Container>
</Navbar>
`;
