// Jest Snapshot v1, https://goo.gl/fbAQLP

exports[`Header:  should render as expected 1`] = `
<Navbar
  className=""
  color={null}
  fixed={null}
  renderAs="nav"
  style={Object {}}
  transparent={false}
>
  <Navbar.Brand
    active={false}
    className=""
    style={Object {}}
    toggleMenu={[Function]}
  >
    <Navbar.Item
      active={false}
      className=""
      dropdown={false}
      dropdownUp={false}
      hoverable={false}
      href="/"
      id="home-button"
      renderAs="a"
      style={Object {}}
    >
      Home
    </Navbar.Item>
    <Navbar.Burger
      active={false}
      className=""
      onClick={[Function]}
      style={Object {}}
      toggleMenu={[Function]}
    />
  </Navbar.Brand>
  <Navbar.Menu
    active={false}
    className=""
    style={Object {}}
  >
    <Navbar.Container
      className=""
      position="start"
      renderAs="div"
      style={Object {}}
    >
      <Navbar.Item
        active={false}
        className=""
        dropdown={false}
        dropdownUp={false}
        hoverable={false}
        href="/about"
        id="about-button"
        renderAs="a"
        style={Object {}}
      >
        About Me
      </Navbar.Item>
      <Navbar.Item
        active={false}
        className=""
        dropdown={false}
        dropdownUp={false}
        hoverable={false}
        href="/nevenrecchia-resume.pdf"
        id="resume-button"
        renderAs="a"
        style={Object {}}
      >
        Resume
      </Navbar.Item>
      <Navbar.Item
        active={false}
        className=""
        dropdown={false}
        dropdownUp={false}
        hoverable={false}
        href="https://www.linkedin.com/in/nevenrecchia/"
        id="linkedin-button"
        renderAs="a"
        style={Object {}}
      >
        LinkedIn
      </Navbar.Item>
      <Navbar.Item
        active={false}
        className=""
        dropdown={false}
        dropdownUp={false}
        hoverable={false}
        href="https://github.com/NRec22"
        id="github-button"
        renderAs="a"
        style={Object {}}
      >
        Github
      </Navbar.Item>
      <Navbar.Item
        active={false}
        className=""
        dropdown={false}
        dropdownUp={false}
        hoverable={false}
        href="mailto:nevenrecchia@gmail.com"
        id="contact-button"
        renderAs="a"
        style={Object {}}
      >
        Contact Me
      </Navbar.Item>
    </Navbar.Container>
  </Navbar.Menu>
</Navbar>
`;
